"test_record_2",2
"test_record_4",4
"test_record_5",5
