"test_record_6",6
"test_record_2",2
"test_record_5",5
"test_record_4",4
