1,"record_1",1
2,"record_2",2
3,"record_3",3
4,"record_4",4
5,"record_5",5
6,"record_6",6
7,"record_7",7
8,"record_8",8
9,"record_9",9
