x.a,x.b
"test-record-0",30
"test-record-1",31
"test-record-2",32

 got 3 results.
