0,"record___0",0
1,"record___1",1
2,"record___2",2
3,"record___3",3
4,"record___4",4
5,"record___5",5
6,"record___6",6
7,"record___7",7
8,"record___8",8
9,"record___9",9
10,"record___10",10
11,"record___11",11
12,"record___12",12
13,"record___13",13
14,"record___14",14
15,"record___15",15
16,"record___16",16
17,"record___17",17
18,"record___18",18
19,"record___19",19
20,"record___20",20
21,"record___21",21
22,"record___22",22
23,"record___23",23
24,"record___24",24
25,"record___25",25
26,"record___26",26
27,"record___27",27
28,"record___28",28
29,"record___29",29
30,"record___30",30
31,"record___31",31
32,"record___32",32
33,"record___33",33
34,"record___34",34
35,"record___35",35
36,"record___36",36
37,"record___37",37
38,"record___38",38
39,"record___39",39
40,"record___40",40
41,"record___41",41
42,"record___42",42
43,"record___43",43
44,"record___44",44
45,"record___45",45
46,"record___46",46
47,"record___47",47
48,"record___48",48
49,"record___49",49
50,"record___50",50
51,"record___51",51
52,"record___52",52
53,"record___53",53
54,"record___54",54
55,"record___55",55
56,"record___56",56
57,"record___57",57
58,"record___58",58
59,"record___59",59
60,"record___60",60
61,"record___61",61
62,"record___62",62
63,"record___63",63
64,"record___64",64
65,"record___65",65
66,"record___66",66
67,"record___67",67
68,"record___68",68
69,"record___69",69
70,"record___70",70
71,"record___71",71
72,"record___72",72
73,"record___73",73
74,"record___74",74
75,"record___75",75
76,"record___76",76
77,"record___77",77
78,"record___78",78
79,"record___79",79
80,"record___80",80
81,"record___81",81
82,"record___82",82
83,"record___83",83
84,"record___84",84
85,"record___85",85
86,"record___86",86
87,"record___87",87
88,"record___88",88
89,"record___89",89
90,"record___90",90
91,"record___91",91
92,"record___92",92
93,"record___93",93
94,"record___94",94
95,"record___95",95
96,"record___96",96
97,"record___97",97
98,"record___98",98
99,"record___99",99
100,"record___100",100
101,"record___101",101
102,"record___102",102
103,"record___103",103
104,"record___104",104
105,"record___105",105
106,"record___106",106
107,"record___107",107
108,"record___108",108
109,"record___109",109
110,"record___110",110
111,"record___111",111
112,"record___112",112
113,"record___113",113
114,"record___114",114
115,"record___115",115
116,"record___116",116
117,"record___117",117
118,"record___118",118
119,"record___119",119
120,"record___120",120
121,"record___121",121
122,"record___122",122
123,"record___123",123
124,"record___124",124
125,"record___125",125
126,"record___126",126
127,"record___127",127
128,"record___128",128
129,"record___129",129
130,"record___130",130
131,"record___131",131
132,"record___132",132
133,"record___133",133
134,"record___134",134
135,"record___135",135
136,"record___136",136
137,"record___137",137
138,"record___138",138
139,"record___139",139
140,"record___140",140
141,"record___141",141
142,"record___142",142
143,"record___143",143
144,"record___144",144
145,"record___145",145
146,"record___146",146
147,"record___147",147
148,"record___148",148
149,"record___149",149
150,"record___150",150
151,"record___151",151
152,"record___152",152
153,"record___153",153
154,"record___154",154
155,"record___155",155
156,"record___156",156
157,"record___157",157
158,"record___158",158
159,"record___159",159
160,"record___160",160
161,"record___161",161
162,"record___162",162
163,"record___163",163
164,"record___164",164
165,"record___165",165
166,"record___166",166
167,"record___167",167
168,"record___168",168
169,"record___169",169
170,"record___170",170
171,"record___171",171
172,"record___172",172
173,"record___173",173
174,"record___174",174
175,"record___175",175
176,"record___176",176
177,"record___177",177
178,"record___178",178
179,"record___179",179
180,"record___180",180
181,"record___181",181
182,"record___182",182
183,"record___183",183
184,"record___184",184
185,"record___185",185
186,"record___186",186
187,"record___187",187
188,"record___188",188
189,"record___189",189
190,"record___190",190
191,"record___191",191
192,"record___192",192
193,"record___193",193
194,"record___194",194
195,"record___195",195
196,"record___196",196
197,"record___197",197
198,"record___198",198
199,"record___199",199
200,"record___200",200
201,"record___201",201
202,"record___202",202
203,"record___203",203
204,"record___204",204
205,"record___205",205
206,"record___206",206
207,"record___207",207
208,"record___208",208
209,"record___209",209
210,"record___210",210
211,"record___211",211
212,"record___212",212
213,"record___213",213
214,"record___214",214
215,"record___215",215
216,"record___216",216
217,"record___217",217
218,"record___218",218
219,"record___219",219
220,"record___220",220
221,"record___221",221
222,"record___222",222
223,"record___223",223
224,"record___224",224
225,"record___225",225
226,"record___226",226
227,"record___227",227
228,"record___228",228
229,"record___229",229
230,"record___230",230
231,"record___231",231
232,"record___232",232
233,"record___233",233
234,"record___234",234
235,"record___235",235
236,"record___236",236
237,"record___237",237
238,"record___238",238
239,"record___239",239
240,"record___240",240
241,"record___241",241
242,"record___242",242
243,"record___243",243
244,"record___244",244
245,"record___245",245
246,"record___246",246
247,"record___247",247
248,"record___248",248
249,"record___249",249
250,"record___250",250
251,"record___251",251
252,"record___252",252
253,"record___253",253
254,"record___254",254
255,"record___255",255
256,"record___256",256
257,"record___257",257
258,"record___258",258
259,"record___259",259
260,"record___260",260
261,"record___261",261
262,"record___262",262
263,"record___263",263
264,"record___264",264
265,"record___265",265
266,"record___266",266
267,"record___267",267
268,"record___268",268
269,"record___269",269
270,"record___270",270
271,"record___271",271
272,"record___272",272
273,"record___273",273
274,"record___274",274
275,"record___275",275
276,"record___276",276
277,"record___277",277
278,"record___278",278
279,"record___279",279
280,"record___280",280
281,"record___281",281
282,"record___282",282
283,"record___283",283
284,"record___284",284
285,"record___285",285
286,"record___286",286
287,"record___287",287
288,"record___288",288
289,"record___289",289
290,"record___290",290
291,"record___291",291
292,"record___292",292
293,"record___293",293
294,"record___294",294
295,"record___295",295
296,"record___296",296
297,"record___297",297
298,"record___298",298
299,"record___299",299
300,"record___300",300
301,"record___301",301
302,"record___302",302
303,"record___303",303
304,"record___304",304
305,"record___305",305
306,"record___306",306
307,"record___307",307
308,"record___308",308
309,"record___309",309
310,"record___310",310
311,"record___311",311
312,"record___312",312
313,"record___313",313
314,"record___314",314
315,"record___315",315
316,"record___316",316
317,"record___317",317
318,"record___318",318
319,"record___319",319
320,"record___320",320
321,"record___321",321
322,"record___322",322
323,"record___323",323
324,"record___324",324
325,"record___325",325
326,"record___326",326
327,"record___327",327
328,"record___328",328
329,"record___329",329
330,"record___330",330
331,"record___331",331
332,"record___332",332
333,"record___333",333
334,"record___334",334
335,"record___335",335
336,"record___336",336
337,"record___337",337
338,"record___338",338
339,"record___339",339
340,"record___340",340
341,"record___341",341
342,"record___342",342
343,"record___343",343
344,"record___344",344
345,"record___345",345
346,"record___346",346
347,"record___347",347
348,"record___348",348
349,"record___349",349
350,"record___350",350
351,"record___351",351
352,"record___352",352
353,"record___353",353
354,"record___354",354
355,"record___355",355
356,"record___356",356
357,"record___357",357
358,"record___358",358
359,"record___359",359
360,"record___360",360
361,"record___361",361
362,"record___362",362
363,"record___363",363
364,"record___364",364
365,"record___365",365
366,"record___366",366
367,"record___367",367
368,"record___368",368
369,"record___369",369
370,"record___370",370
371,"record___371",371
372,"record___372",372
373,"record___373",373
374,"record___374",374
375,"record___375",375
376,"record___376",376
377,"record___377",377
378,"record___378",378
379,"record___379",379
380,"record___380",380
381,"record___381",381
382,"record___382",382
384,"record___384",384
385,"record___385",385
386,"record___386",386
387,"record___387",387
388,"record___388",388
389,"record___389",389
390,"record___390",390
391,"record___391",391
392,"record___392",392
393,"record___393",393
394,"record___394",394
395,"record___395",395
396,"record___396",396
397,"record___397",397
398,"record___398",398
399,"record___399",399
400,"record___400",400
401,"record___401",401
402,"record___402",402
403,"record___403",403
404,"record___404",404
405,"record___405",405
406,"record___406",406
407,"record___407",407
408,"record___408",408
409,"record___409",409
410,"record___410",410
411,"record___411",411
412,"record___412",412
413,"record___413",413
414,"record___414",414
415,"record___415",415
416,"record___416",416
417,"record___417",417
418,"record___418",418
419,"record___419",419
420,"record___420",420
421,"record___421",421
422,"record___422",422
423,"record___423",423
424,"record___424",424
425,"record___425",425
426,"record___426",426
427,"record___427",427
428,"record___428",428
429,"record___429",429
430,"record___430",430
431,"record___431",431
432,"record___432",432
433,"record___433",433
434,"record___434",434
435,"record___435",435
436,"record___436",436
437,"record___437",437
438,"record___438",438
439,"record___439",439
440,"record___440",440
441,"record___441",441
442,"record___442",442
443,"record___443",443
444,"record___444",444
445,"record___445",445
446,"record___446",446
447,"record___447",447
448,"record___448",448
449,"record___449",449
450,"record___450",450
451,"record___451",451
452,"record___452",452
453,"record___453",453
454,"record___454",454
455,"record___455",455
456,"record___456",456
457,"record___457",457
458,"record___458",458
459,"record___459",459
460,"record___460",460
461,"record___461",461
462,"record___462",462
463,"record___463",463
464,"record___464",464
465,"record___465",465
466,"record___466",466
467,"record___467",467
468,"record___468",468
469,"record___469",469
470,"record___470",470
471,"record___471",471
472,"record___472",472
473,"record___473",473
474,"record___474",474
475,"record___475",475
476,"record___476",476
477,"record___477",477
478,"record___478",478
479,"record___479",479
480,"record___480",480
481,"record___481",481
482,"record___482",482
483,"record___483",483
484,"record___484",484
485,"record___485",485
486,"record___486",486
487,"record___487",487
488,"record___488",488
489,"record___489",489
490,"record___490",490
491,"record___491",491
492,"record___492",492
493,"record___493",493
494,"record___494",494
495,"record___495",495
496,"record___496",496
497,"record___497",497
498,"record___498",498
499,"record___499",499
500,"record___500",500
501,"record___501",501
502,"record___502",502
503,"record___503",503
504,"record___504",504
505,"record___505",505
506,"record___506",506
507,"record___507",507
508,"record___508",508
509,"record___509",509
510,"record___510",510
511,"record___511",511
512,"record___512",512
513,"record___513",513
514,"record___514",514
515,"record___515",515
516,"record___516",516
517,"record___517",517
518,"record___518",518
519,"record___519",519
520,"record___520",520
521,"record___521",521
522,"record___522",522
523,"record___523",523
524,"record___524",524
525,"record___525",525
526,"record___526",526
527,"record___527",527
528,"record___528",528
529,"record___529",529
530,"record___530",530
531,"record___531",531
532,"record___532",532
533,"record___533",533
534,"record___534",534
535,"record___535",535
536,"record___536",536
537,"record___537",537
538,"record___538",538
539,"record___539",539
540,"record___540",540
541,"record___541",541
542,"record___542",542
543,"record___543",543
544,"record___544",544
545,"record___545",545
546,"record___546",546
547,"record___547",547
548,"record___548",548
549,"record___549",549
550,"record___550",550
551,"record___551",551
552,"record___552",552
553,"record___553",553
554,"record___554",554
555,"record___555",555
556,"record___556",556
557,"record___557",557
558,"record___558",558
559,"record___559",559
560,"record___560",560
561,"record___561",561
562,"record___562",562
563,"record___563",563
564,"record___564",564
565,"record___565",565
566,"record___566",566
567,"record___567",567
568,"record___568",568
569,"record___569",569
570,"record___570",570
571,"record___571",571
572,"record___572",572
573,"record___573",573
574,"record___574",574
575,"record___575",575
576,"record___576",576
577,"record___577",577
578,"record___578",578
579,"record___579",579
580,"record___580",580
581,"record___581",581
582,"record___582",582
583,"record___583",583
584,"record___584",584
585,"record___585",585
586,"record___586",586
587,"record___587",587
588,"record___588",588
589,"record___589",589
590,"record___590",590
591,"record___591",591
592,"record___592",592
593,"record___593",593
594,"record___594",594
595,"record___595",595
596,"record___596",596
597,"record___597",597
598,"record___598",598
599,"record___599",599
600,"record___600",600
601,"record___601",601
602,"record___602",602
603,"record___603",603
604,"record___604",604
605,"record___605",605
606,"record___606",606
607,"record___607",607
608,"record___608",608
609,"record___609",609
610,"record___610",610
611,"record___611",611
612,"record___612",612
613,"record___613",613
614,"record___614",614
615,"record___615",615
616,"record___616",616
617,"record___617",617
618,"record___618",618
619,"record___619",619
620,"record___620",620
621,"record___621",621
622,"record___622",622
623,"record___623",623
624,"record___624",624
625,"record___625",625
626,"record___626",626
627,"record___627",627
628,"record___628",628
629,"record___629",629
630,"record___630",630
631,"record___631",631
632,"record___632",632
633,"record___633",633
634,"record___634",634
635,"record___635",635
636,"record___636",636
637,"record___637",637
638,"record___638",638
639,"record___639",639
640,"record___640",640
641,"record___641",641
642,"record___642",642
643,"record___643",643
644,"record___644",644
645,"record___645",645
646,"record___646",646
647,"record___647",647
648,"record___648",648
649,"record___649",649
650,"record___650",650
651,"record___651",651
652,"record___652",652
653,"record___653",653
654,"record___654",654
655,"record___655",655
656,"record___656",656
657,"record___657",657
658,"record___658",658
659,"record___659",659
660,"record___660",660
661,"record___661",661
662,"record___662",662
663,"record___663",663
664,"record___664",664
665,"record___665",665
666,"record___666",666
667,"record___667",667
668,"record___668",668
669,"record___669",669
670,"record___670",670
671,"record___671",671
672,"record___672",672
673,"record___673",673
674,"record___674",674
675,"record___675",675
676,"record___676",676
677,"record___677",677
678,"record___678",678
679,"record___679",679
680,"record___680",680
681,"record___681",681
682,"record___682",682
683,"record___683",683
684,"record___684",684
685,"record___685",685
686,"record___686",686
687,"record___687",687
688,"record___688",688
689,"record___689",689
690,"record___690",690
691,"record___691",691
692,"record___692",692
693,"record___693",693
694,"record___694",694
695,"record___695",695
696,"record___696",696
697,"record___697",697
698,"record___698",698
699,"record___699",699
700,"record___700",700
701,"record___701",701
702,"record___702",702
703,"record___703",703
704,"record___704",704
705,"record___705",705
706,"record___706",706
707,"record___707",707
708,"record___708",708
709,"record___709",709
710,"record___710",710
711,"record___711",711
712,"record___712",712
713,"record___713",713
714,"record___714",714
715,"record___715",715
716,"record___716",716
717,"record___717",717
718,"record___718",718
719,"record___719",719
720,"record___720",720
721,"record___721",721
722,"record___722",722
723,"record___723",723
724,"record___724",724
725,"record___725",725
726,"record___726",726
727,"record___727",727
728,"record___728",728
729,"record___729",729
730,"record___730",730
731,"record___731",731
732,"record___732",732
733,"record___733",733
734,"record___734",734
735,"record___735",735
736,"record___736",736
737,"record___737",737
738,"record___738",738
739,"record___739",739
740,"record___740",740
741,"record___741",741
742,"record___742",742
743,"record___743",743
744,"record___744",744
745,"record___745",745
746,"record___746",746
747,"record___747",747
748,"record___748",748
749,"record___749",749
750,"record___750",750
751,"record___751",751
752,"record___752",752
753,"record___753",753
754,"record___754",754
755,"record___755",755
756,"record___756",756
757,"record___757",757
758,"record___758",758
759,"record___759",759
760,"record___760",760
761,"record___761",761
762,"record___762",762
763,"record___763",763
764,"record___764",764
765,"record___765",765
766,"record___766",766
767,"record___767",767
768,"record___768",768
769,"record___769",769
770,"record___770",770
771,"record___771",771
772,"record___772",772
773,"record___773",773
774,"record___774",774
775,"record___775",775
776,"record___776",776
777,"record___777",777
778,"record___778",778
779,"record___779",779
780,"record___780",780
781,"record___781",781
782,"record___782",782
783,"record___783",783
784,"record___784",784
785,"record___785",785
786,"record___786",786
787,"record___787",787
788,"record___788",788
789,"record___789",789
790,"record___790",790
791,"record___791",791
792,"record___792",792
793,"record___793",793
794,"record___794",794
795,"record___795",795
796,"record___796",796
797,"record___797",797
798,"record___798",798
799,"record___799",799
800,"record___800",800
801,"record___801",801
802,"record___802",802
803,"record___803",803
804,"record___804",804
805,"record___805",805
806,"record___806",806
807,"record___807",807
808,"record___808",808
809,"record___809",809
810,"record___810",810
811,"record___811",811
812,"record___812",812
813,"record___813",813
814,"record___814",814
815,"record___815",815
816,"record___816",816
817,"record___817",817
818,"record___818",818
819,"record___819",819
820,"record___820",820
821,"record___821",821
822,"record___822",822
823,"record___823",823
824,"record___824",824
825,"record___825",825
826,"record___826",826
827,"record___827",827
828,"record___828",828
829,"record___829",829
830,"record___830",830
831,"record___831",831
832,"record___832",832
833,"record___833",833
834,"record___834",834
835,"record___835",835
836,"record___836",836
837,"record___837",837
838,"record___838",838
839,"record___839",839
840,"record___840",840
841,"record___841",841
842,"record___842",842
843,"record___843",843
844,"record___844",844
845,"record___845",845
846,"record___846",846
847,"record___847",847
848,"record___848",848
849,"record___849",849
850,"record___850",850
851,"record___851",851
852,"record___852",852
853,"record___853",853
854,"record___854",854
855,"record___855",855
856,"record___856",856
857,"record___857",857
858,"record___858",858
859,"record___859",859
860,"record___860",860
861,"record___861",861
862,"record___862",862
863,"record___863",863
864,"record___864",864
865,"record___865",865
866,"record___866",866
867,"record___867",867
868,"record___868",868
869,"record___869",869
870,"record___870",870
871,"record___871",871
872,"record___872",872
873,"record___873",873
874,"record___874",874
875,"record___875",875
876,"record___876",876
877,"record___877",877
878,"record___878",878
879,"record___879",879
880,"record___880",880
881,"record___881",881
882,"record___882",882
883,"record___883",883
884,"record___884",884
885,"record___885",885
886,"record___886",886
887,"record___887",887
888,"record___888",888
889,"record___889",889
890,"record___890",890
891,"record___891",891
892,"record___892",892
893,"record___893",893
894,"record___894",894
895,"record___895",895
896,"record___896",896
897,"record___897",897
898,"record___898",898
899,"record___899",899
900,"record___900",900
901,"record___901",901
902,"record___902",902
903,"record___903",903
904,"record___904",904
905,"record___905",905
906,"record___906",906
907,"record___907",907
908,"record___908",908
909,"record___909",909
910,"record___910",910
911,"record___911",911
912,"record___912",912
913,"record___913",913
914,"record___914",914
915,"record___915",915
916,"record___916",916
917,"record___917",917
918,"record___918",918
919,"record___919",919
920,"record___920",920
921,"record___921",921
922,"record___922",922
923,"record___923",923
924,"record___924",924
925,"record___925",925
926,"record___926",926
927,"record___927",927
928,"record___928",928
929,"record___929",929
930,"record___930",930
931,"record___931",931
932,"record___932",932
933,"record___933",933
934,"record___934",934
935,"record___935",935
936,"record___936",936
937,"record___937",937
938,"record___938",938
939,"record___939",939
940,"record___940",940
941,"record___941",941
942,"record___942",942
943,"record___943",943
944,"record___944",944
945,"record___945",945
946,"record___946",946
947,"record___947",947
948,"record___948",948
949,"record___949",949
950,"record___950",950
951,"record___951",951
952,"record___952",952
953,"record___953",953
954,"record___954",954
955,"record___955",955
956,"record___956",956
957,"record___957",957
958,"record___958",958
959,"record___959",959
960,"record___960",960
961,"record___961",961
962,"record___962",962
963,"record___963",963
964,"record___964",964
965,"record___965",965
966,"record___966",966
967,"record___967",967
968,"record___968",968
969,"record___969",969
970,"record___970",970
971,"record___971",971
972,"record___972",972
973,"record___973",973
974,"record___974",974
975,"record___975",975
976,"record___976",976
977,"record___977",977
978,"record___978",978
979,"record___979",979
980,"record___980",980
981,"record___981",981
982,"record___982",982
983,"record___983",983
984,"record___984",984
985,"record___985",985
986,"record___986",986
987,"record___987",987
988,"record___988",988
989,"record___989",989
990,"record___990",990
991,"record___991",991
992,"record___992",992
993,"record___993",993
994,"record___994",994
995,"record___995",995
996,"record___996",996
997,"record___997",997
998,"record___998",998
999,"record___999",999
