x.a,x.b
"test-record-0",30
"test-record-1",31
"test-record-2",32
"test-record-3",33
"test-record-4",34
"test-record-5",35
"test-record-6",36
"test-record-7",37
"test-record-8",38
"test-record-9",39

 got 10 results.
