1,"record_1",1
2,"record_2",2
3,"record_3",3
5,"record_5",5
6,"record_6",6
7,"record_7",7
8,"record_8",8
9,"record_9",9
10,"record_10",10
11,"record_11",11
12,"record_12",12
13,"record_13",13
14,"record_14",14
15,"record_15",15
16,"record_16",16
17,"record_17",17
18,"record_18",18
19,"record_19",19
20,"record_20",20
21,"record_21",21
22,"record_22",22
23,"record_23",23
24,"record_24",24
25,"record_25",25
26,"record_26",26
27,"record_27",27
28,"record_28",28
29,"record_29",29
30,"record_30",30
31,"record_31",31
32,"record_32",32
33,"record_33",33
34,"record_34",34
35,"record_35",35
36,"record_36",36
37,"record_37",37
38,"record_38",38
39,"record_39",39
40,"record_40",40
41,"record_41",41
42,"record_42",42
43,"record_43",43
44,"record_44",44
45,"record_45",45
46,"record_46",46
47,"record_47",47
48,"record_48",48
49,"record_49",49
50,"record_50",50
51,"record_51",51
52,"record_52",52
53,"record_53",53
54,"record_54",54
55,"record_55",55
56,"record_56",56
57,"record_57",57
58,"record_58",58
59,"record_59",59
60,"record_60",60
61,"record_61",61
62,"record_62",62
63,"record_63",63
64,"record_64",64
65,"record_65",65
66,"record_66",66
67,"record_67",67
68,"record_68",68
69,"record_69",69
70,"record_70",70
71,"record_71",71
72,"record_72",72
73,"record_73",73
74,"record_74",74
75,"record_75",75
76,"record_76",76
77,"record_77",77
78,"record_78",78
79,"record_79",79
80,"record_80",80
81,"record_81",81
82,"record_82",82
83,"record_83",83
84,"record_84",84
85,"record_85",85
86,"record_86",86
87,"record_87",87
88,"record_88",88
89,"record_89",89
100,"record_100",100
101,"record_101",101
102,"record_102",102
103,"record_103",103
104,"record_104",104
105,"record_105",105
106,"record_106",106
107,"record_107",107
108,"record_108",108
109,"record_109",109
110,"record_110",110
111,"record_111",111
112,"record_112",112
113,"record_113",113
114,"record_114",114
115,"record_115",115
116,"record_116",116
117,"record_117",117
118,"record_118",118
119,"record_119",119
120,"record_120",120
121,"record_121",121
122,"record_122",122
123,"record_123",123
124,"record_124",124
125,"record_125",125
126,"record_126",126
127,"record_127",127
128,"record_128",128
129,"record_129",129
130,"record_130",130
131,"record_131",131
132,"record_132",132
133,"record_133",133
134,"record_134",134
135,"record_135",135
136,"record_136",136
138,"record_138",138
139,"record_139",139
140,"record_140",140
141,"record_141",141
142,"record_142",142
143,"record_143",143
144,"record_144",144
145,"record_145",145
146,"record_146",146
147,"record_147",147
148,"record_148",148
149,"record_149",149
150,"record_150",150
151,"record_151",151
152,"record_152",152
153,"record_153",153
154,"record_154",154
155,"record_155",155
156,"record_156",156
157,"record_157",157
158,"record_158",158
159,"record_159",159
160,"record_160",160
161,"record_161",161
162,"record_162",162
163,"record_163",163
164,"record_164",164
165,"record_165",165
166,"record_166",166
167,"record_167",167
168,"record_168",168
169,"record_169",169
170,"record_170",170
171,"record_171",171
172,"record_172",172
173,"record_173",173
174,"record_174",174
175,"record_175",175
176,"record_176",176
177,"record_177",177
178,"record_178",178
179,"record_179",179
180,"record_180",180
181,"record_181",181
182,"record_182",182
183,"record_183",183
184,"record_184",184
185,"record_185",185
186,"record_186",186
187,"record_187",187
188,"record_188",188
189,"record_189",189
190,"record_190",190
191,"record_191",191
192,"record_192",192
193,"record_193",193
194,"record_194",194
195,"record_195",195
196,"record_196",196
197,"record_197",197
198,"record_198",198
199,"record_199",199
200,"record_200",200
201,"record_201",201
202,"record_202",202
203,"record_203",203
204,"record_204",204
205,"record_205",205
206,"record_206",206
207,"record_207",207
208,"record_208",208
209,"record_209",209
210,"record_210",210
211,"record_211",211
212,"record_212",212
213,"record_213",213
214,"record_214",214
215,"record_215",215
216,"record_216",216
217,"record_217",217
218,"record_218",218
219,"record_219",219
220,"record_220",220
221,"record_221",221
222,"record_222",222
223,"record_223",223
224,"record_224",224
225,"record_225",225
226,"record_226",226
227,"record_227",227
228,"record_228",228
229,"record_229",229
230,"record_230",230
231,"record_231",231
232,"record_232",232
233,"record_233",233
234,"record_234",234
235,"record_235",235
236,"record_236",236
237,"record_237",237
238,"record_238",238
239,"record_239",239
240,"record_240",240
241,"record_241",241
242,"record_242",242
243,"record_243",243
244,"record_244",244
245,"record_245",245
246,"record_246",246
247,"record_247",247
248,"record_248",248
249,"record_249",249
250,"record_250",250
251,"record_251",251
252,"record_252",252
253,"record_253",253
254,"record_254",254
255,"record_255",255
256,"record_256",256
257,"record_257",257
258,"record_258",258
259,"record_259",259
260,"record_260",260
261,"record_261",261
262,"record_262",262
263,"record_263",263
264,"record_264",264
265,"record_265",265
266,"record_266",266
267,"record_267",267
268,"record_268",268
269,"record_269",269
270,"record_270",270
271,"record_271",271
272,"record_272",272
273,"record_273",273
274,"record_274",274
275,"record_275",275
276,"record_276",276
277,"record_277",277
278,"record_278",278
279,"record_279",279
280,"record_280",280
281,"record_281",281
282,"record_282",282
283,"record_283",283
284,"record_284",284
285,"record_285",285
286,"record_286",286
287,"record_287",287
288,"record_288",288
289,"record_289",289
290,"record_290",290
291,"record_291",291
292,"record_292",292
293,"record_293",293
294,"record_294",294
295,"record_295",295
296,"record_296",296
297,"record_297",297
298,"record_298",298
299,"record_299",299
300,"record_300",300
301,"record_301",301
302,"record_302",302
303,"record_303",303
304,"record_304",304
305,"record_305",305
306,"record_306",306
307,"record_307",307
308,"record_308",308
309,"record_309",309
310,"record_310",310
311,"record_311",311
312,"record_312",312
313,"record_313",313
314,"record_314",314
315,"record_315",315
316,"record_316",316
317,"record_317",317
318,"record_318",318
319,"record_319",319
320,"record_320",320
321,"record_321",321
322,"record_322",322
323,"record_323",323
324,"record_324",324
325,"record_325",325
326,"record_326",326
327,"record_327",327
328,"record_328",328
329,"record_329",329
330,"record_330",330
331,"record_331",331
332,"record_332",332
333,"record_333",333
334,"record_334",334
335,"record_335",335
336,"record_336",336
337,"record_337",337
338,"record_338",338
339,"record_339",339
340,"record_340",340
341,"record_341",341
342,"record_342",342
343,"record_343",343
344,"record_344",344
345,"record_345",345
346,"record_346",346
347,"record_347",347
348,"record_348",348
349,"record_349",349
350,"record_350",350
351,"record_351",351
352,"record_352",352
353,"record_353",353
354,"record_354",354
355,"record_355",355
356,"record_356",356
357,"record_357",357
358,"record_358",358
359,"record_359",359
360,"record_360",360
361,"record_361",361
362,"record_362",362
363,"record_363",363
364,"record_364",364
365,"record_365",365
366,"record_366",366
367,"record_367",367
368,"record_368",368
369,"record_369",369
370,"record_370",370
371,"record_371",371
372,"record_372",372
373,"record_373",373
374,"record_374",374
375,"record_375",375
376,"record_376",376
377,"record_377",377
378,"record_378",378
379,"record_379",379
380,"record_380",380
381,"record_381",381
382,"record_382",382
383,"record_383",383
384,"record_384",384
385,"record_385",385
386,"record_386",386
387,"record_387",387
388,"record_388",388
389,"record_389",389
390,"record_390",390
391,"record_391",391
392,"record_392",392
393,"record_393",393
394,"record_394",394
395,"record_395",395
396,"record_396",396
397,"record_397",397
398,"record_398",398
399,"record_399",399
400,"record_400",400
401,"record_401",401
402,"record_402",402
403,"record_403",403
404,"record_404",404
405,"record_405",405
406,"record_406",406
407,"record_407",407
408,"record_408",408
409,"record_409",409
410,"record_410",410
411,"record_411",411
412,"record_412",412
413,"record_413",413
414,"record_414",414
415,"record_415",415
416,"record_416",416
417,"record_417",417
418,"record_418",418
419,"record_419",419
420,"record_420",420
421,"record_421",421
422,"record_422",422
423,"record_423",423
424,"record_424",424
425,"record_425",425
426,"record_426",426
427,"record_427",427
428,"record_428",428
429,"record_429",429
430,"record_430",430
431,"record_431",431
432,"record_432",432
433,"record_433",433
434,"record_434",434
435,"record_435",435
436,"record_436",436
437,"record_437",437
438,"record_438",438
439,"record_439",439
440,"record_440",440
441,"record_441",441
442,"record_442",442
443,"record_443",443
444,"record_444",444
445,"record_445",445
446,"record_446",446
447,"record_447",447
448,"record_448",448
449,"record_449",449
450,"record_450",450
451,"record_451",451
452,"record_452",452
453,"record_453",453
454,"record_454",454
455,"record_455",455
456,"record_456",456
457,"record_457",457
458,"record_458",458
459,"record_459",459
460,"record_460",460
461,"record_461",461
462,"record_462",462
463,"record_463",463
464,"record_464",464
465,"record_465",465
466,"record_466",466
467,"record_467",467
468,"record_468",468
469,"record_469",469
470,"record_470",470
471,"record_471",471
472,"record_472",472
473,"record_473",473
474,"record_474",474
475,"record_475",475
476,"record_476",476
477,"record_477",477
478,"record_478",478
479,"record_479",479
480,"record_480",480
481,"record_481",481
482,"record_482",482
483,"record_483",483
484,"record_484",484
485,"record_485",485
486,"record_486",486
487,"record_487",487
488,"record_488",488
489,"record_489",489
490,"record_490",490
491,"record_491",491
492,"record_492",492
493,"record_493",493
494,"record_494",494
495,"record_495",495
496,"record_496",496
497,"record_497",497
498,"record_498",498
499,"record_499",499
500,"record_500",500
501,"record_501",501
502,"record_502",502
503,"record_503",503
504,"record_504",504
505,"record_505",505
506,"record_506",506
507,"record_507",507
508,"record_508",508
509,"record_509",509
510,"record_510",510
511,"record_511",511
512,"record_512",512
513,"record_513",513
514,"record_514",514
515,"record_515",515
516,"record_516",516
517,"record_517",517
518,"record_518",518
519,"record_519",519
520,"record_520",520
521,"record_521",521
522,"record_522",522
523,"record_523",523
524,"record_524",524
525,"record_525",525
526,"record_526",526
527,"record_527",527
528,"record_528",528
529,"record_529",529
530,"record_530",530
531,"record_531",531
532,"record_532",532
533,"record_533",533
534,"record_534",534
535,"record_535",535
536,"record_536",536
537,"record_537",537
538,"record_538",538
539,"record_539",539
540,"record_540",540
541,"record_541",541
542,"record_542",542
543,"record_543",543
544,"record_544",544
545,"record_545",545
546,"record_546",546
547,"record_547",547
548,"record_548",548
549,"record_549",549
550,"record_550",550
551,"record_551",551
552,"record_552",552
553,"record_553",553
554,"record_554",554
555,"record_555",555
556,"record_556",556
557,"record_557",557
558,"record_558",558
559,"record_559",559
560,"record_560",560
561,"record_561",561
562,"record_562",562
563,"record_563",563
564,"record_564",564
565,"record_565",565
566,"record_566",566
567,"record_567",567
568,"record_568",568
569,"record_569",569
570,"record_570",570
571,"record_571",571
572,"record_572",572
573,"record_573",573
574,"record_574",574
575,"record_575",575
576,"record_576",576
577,"record_577",577
578,"record_578",578
579,"record_579",579
580,"record_580",580
581,"record_581",581
582,"record_582",582
583,"record_583",583
584,"record_584",584
585,"record_585",585
586,"record_586",586
587,"record_587",587
588,"record_588",588
589,"record_589",589
590,"record_590",590
591,"record_591",591
592,"record_592",592
593,"record_593",593
594,"record_594",594
595,"record_595",595
596,"record_596",596
597,"record_597",597
598,"record_598",598
599,"record_599",599
600,"record_600",600
601,"record_601",601
602,"record_602",602
603,"record_603",603
604,"record_604",604
605,"record_605",605
606,"record_606",606
607,"record_607",607
608,"record_608",608
609,"record_609",609
610,"record_610",610
611,"record_611",611
612,"record_612",612
613,"record_613",613
614,"record_614",614
615,"record_615",615
616,"record_616",616
617,"record_617",617
618,"record_618",618
619,"record_619",619
620,"record_620",620
621,"record_621",621
622,"record_622",622
623,"record_623",623
624,"record_624",624
625,"record_625",625
626,"record_626",626
627,"record_627",627
628,"record_628",628
629,"record_629",629
630,"record_630",630
631,"record_631",631
632,"record_632",632
633,"record_633",633
634,"record_634",634
635,"record_635",635
636,"record_636",636
637,"record_637",637
638,"record_638",638
639,"record_639",639
640,"record_640",640
641,"record_641",641
642,"record_642",642
643,"record_643",643
644,"record_644",644
645,"record_645",645
646,"record_646",646
647,"record_647",647
648,"record_648",648
649,"record_649",649
650,"record_650",650
651,"record_651",651
652,"record_652",652
653,"record_653",653
654,"record_654",654
655,"record_655",655
656,"record_656",656
657,"record_657",657
658,"record_658",658
659,"record_659",659
660,"record_660",660
661,"record_661",661
662,"record_662",662
663,"record_663",663
664,"record_664",664
665,"record_665",665
666,"record_666",666
667,"record_667",667
668,"record_668",668
669,"record_669",669
670,"record_670",670
671,"record_671",671
672,"record_672",672
673,"record_673",673
674,"record_674",674
675,"record_675",675
676,"record_676",676
677,"record_677",677
678,"record_678",678
679,"record_679",679
680,"record_680",680
681,"record_681",681
682,"record_682",682
683,"record_683",683
684,"record_684",684
685,"record_685",685
686,"record_686",686
687,"record_687",687
688,"record_688",688
689,"record_689",689
690,"record_690",690
691,"record_691",691
692,"record_692",692
693,"record_693",693
694,"record_694",694
695,"record_695",695
696,"record_696",696
697,"record_697",697
698,"record_698",698
699,"record_699",699
700,"record_700",700
701,"record_701",701
702,"record_702",702
703,"record_703",703
704,"record_704",704
705,"record_705",705
706,"record_706",706
707,"record_707",707
708,"record_708",708
709,"record_709",709
710,"record_710",710
711,"record_711",711
712,"record_712",712
713,"record_713",713
714,"record_714",714
715,"record_715",715
716,"record_716",716
717,"record_717",717
718,"record_718",718
719,"record_719",719
720,"record_720",720
721,"record_721",721
722,"record_722",722
723,"record_723",723
724,"record_724",724
725,"record_725",725
726,"record_726",726
727,"record_727",727
728,"record_728",728
729,"record_729",729
730,"record_730",730
731,"record_731",731
732,"record_732",732
733,"record_733",733
734,"record_734",734
735,"record_735",735
736,"record_736",736
737,"record_737",737
738,"record_738",738
739,"record_739",739
740,"record_740",740
741,"record_741",741
742,"record_742",742
743,"record_743",743
744,"record_744",744
745,"record_745",745
746,"record_746",746
747,"record_747",747
748,"record_748",748
749,"record_749",749
750,"record_750",750
751,"record_751",751
752,"record_752",752
753,"record_753",753
754,"record_754",754
755,"record_755",755
756,"record_756",756
757,"record_757",757
758,"record_758",758
759,"record_759",759
760,"record_760",760
761,"record_761",761
762,"record_762",762
763,"record_763",763
764,"record_764",764
765,"record_765",765
766,"record_766",766
767,"record_767",767
768,"record_768",768
769,"record_769",769
770,"record_770",770
771,"record_771",771
772,"record_772",772
773,"record_773",773
774,"record_774",774
775,"record_775",775
776,"record_776",776
777,"record_777",777
778,"record_778",778
779,"record_779",779
780,"record_780",780
781,"record_781",781
782,"record_782",782
783,"record_783",783
784,"record_784",784
785,"record_785",785
786,"record_786",786
787,"record_787",787
788,"record_788",788
789,"record_789",789
790,"record_790",790
791,"record_791",791
792,"record_792",792
793,"record_793",793
794,"record_794",794
795,"record_795",795
796,"record_796",796
797,"record_797",797
798,"record_798",798
799,"record_799",799
800,"record_800",800
801,"record_801",801
802,"record_802",802
803,"record_803",803
804,"record_804",804
805,"record_805",805
806,"record_806",806
807,"record_807",807
808,"record_808",808
809,"record_809",809
810,"record_810",810
811,"record_811",811
812,"record_812",812
813,"record_813",813
814,"record_814",814
815,"record_815",815
816,"record_816",816
817,"record_817",817
818,"record_818",818
819,"record_819",819
820,"record_820",820
821,"record_821",821
822,"record_822",822
823,"record_823",823
824,"record_824",824
825,"record_825",825
826,"record_826",826
827,"record_827",827
828,"record_828",828
829,"record_829",829
830,"record_830",830
831,"record_831",831
832,"record_832",832
833,"record_833",833
834,"record_834",834
835,"record_835",835
836,"record_836",836
837,"record_837",837
838,"record_838",838
839,"record_839",839
840,"record_840",840
841,"record_841",841
842,"record_842",842
843,"record_843",843
844,"record_844",844
845,"record_845",845
846,"record_846",846
847,"record_847",847
848,"record_848",848
849,"record_849",849
850,"record_850",850
851,"record_851",851
852,"record_852",852
853,"record_853",853
854,"record_854",854
855,"record_855",855
856,"record_856",856
857,"record_857",857
858,"record_858",858
859,"record_859",859
860,"record_860",860
861,"record_861",861
862,"record_862",862
863,"record_863",863
864,"record_864",864
865,"record_865",865
866,"record_866",866
867,"record_867",867
868,"record_868",868
869,"record_869",869
870,"record_870",870
871,"record_871",871
872,"record_872",872
873,"record_873",873
874,"record_874",874
875,"record_875",875
876,"record_876",876
877,"record_877",877
878,"record_878",878
879,"record_879",879
880,"record_880",880
881,"record_881",881
882,"record_882",882
883,"record_883",883
884,"record_884",884
885,"record_885",885
886,"record_886",886
887,"record_887",887
888,"record_888",888
889,"record_889",889
890,"record_890",890
891,"record_891",891
892,"record_892",892
893,"record_893",893
894,"record_894",894
895,"record_895",895
896,"record_896",896
897,"record_897",897
898,"record_898",898
899,"record_899",899
