<START,1>
<START,2>
<START CHKP,2,1,2>
<WRITE-U,1,0,0,0,4,0x05000000>
<WRITE-U,1,0,0,4,4,0xbc0f0000>
<WRITE-U,1,0,0,28,4,0x00000000>
<WRITE-U,1,0,0,4048,8,0x0000000000000000>
<WRITE-U,2,1,0,0,4,0x64000000>
<WRITE-U,2,1,0,4,4,0xf2010000>
<WRITE-U,2,1,0,408,4,0x00000000>
<WRITE-U,2,1,0,874,32,0x0000000000000000000000000000000000000000000000000000000000000000>
<WRITE-U,1,0,0,0,4,0x06000000>
<WRITE-U,1,0,0,4,4,0xb00f0000>
<WRITE-U,1,0,0,32,4,0x00000000>
<WRITE-U,1,0,0,4040,8,0x0000000000000000>
<WRITE-U,2,1,0,0,4,0x65000000>
<WRITE-U,2,1,0,4,4,0xcd010000>
<WRITE-U,2,1,0,412,4,0x00000000>
<WRITE-U,2,1,0,841,32,0x0000000000000000000000000000000000000000000000000000000000000000>
<WRITE-U,1,0,0,0,4,0x07000000>
<WRITE-U,1,0,0,4,4,0xa40f0000>
<WRITE-U,1,0,0,36,4,0x00000000>
<WRITE-U,1,0,0,4032,8,0x0000000000000000>
<WRITE-U,2,1,0,0,4,0x66000000>
<WRITE-U,2,1,0,4,4,0xa8010000>
<WRITE-U,2,1,0,416,4,0x00000000>
<WRITE-U,2,1,0,808,32,0x0000000000000000000000000000000000000000000000000000000000000000>
<WRITE-U,1,0,0,0,4,0x08000000>
<WRITE-U,1,0,0,4,4,0x980f0000>
<WRITE-U,1,0,0,40,4,0x00000000>
<WRITE-U,1,0,0,4024,8,0x0000000000000000>
<WRITE-U,2,1,0,0,4,0x67000000>
<WRITE-U,2,1,0,4,4,0x83010000>
<WRITE-U,2,1,0,420,4,0x00000000>
<WRITE-U,2,1,0,775,32,0x0000000000000000000000000000000000000000000000000000000000000000>
<WRITE-U,1,0,0,0,4,0x09000000>
<WRITE-U,1,0,0,4,4,0x8c0f0000>
<WRITE-U,1,0,0,44,4,0x00000000>
<WRITE-U,1,0,0,4016,8,0x0000000000000000>
<WRITE-U,2,1,0,0,4,0x68000000>
<WRITE-U,2,1,0,4,4,0x5e010000>
<WRITE-U,2,1,0,424,4,0x00000000>
<WRITE-U,2,1,0,742,32,0x0000000000000000000000000000000000000000000000000000000000000000>
<COMMIT,1>
<WRITE-U,2,1,0,0,4,0x69000000>
<WRITE-U,2,1,0,4,4,0x39010000>
<WRITE-U,2,1,0,428,4,0x00000000>
<WRITE-U,2,1,0,709,32,0x0000000000000000000000000000000000000000000000000000000000000000>
<WRITE-U,2,1,0,0,4,0x6a000000>
<WRITE-U,2,1,0,4,4,0x14010000>
<WRITE-U,2,1,0,432,4,0x00000000>
<WRITE-U,2,1,0,676,32,0x0000000000000000000000000000000000000000000000000000000000000000>
<WRITE-U,2,1,0,0,4,0x6b000000>
<WRITE-U,2,1,0,4,4,0xef000000>
<WRITE-U,2,1,0,436,4,0x00000000>
<WRITE-U,2,1,0,643,32,0x0000000000000000000000000000000000000000000000000000000000000000>
<WRITE-U,2,1,0,0,4,0x6c000000>
<WRITE-U,2,1,0,4,4,0xca000000>
<WRITE-U,2,1,0,440,4,0x00000000>
<WRITE-U,2,1,0,610,32,0x0000000000000000000000000000000000000000000000000000000000000000>
<WRITE-U,2,1,0,0,4,0x6d000000>
<WRITE-U,2,1,0,4,4,0xa5000000>
<WRITE-U,2,1,0,444,4,0x00000000>
<WRITE-U,2,1,0,577,32,0x0000000000000000000000000000000000000000000000000000000000000000>
<WRITE-U,2,1,0,0,4,0x6e000000>
<WRITE-U,2,1,0,4,4,0x80000000>
<WRITE-U,2,1,0,448,4,0x00000000>
<WRITE-U,2,1,0,544,32,0x0000000000000000000000000000000000000000000000000000000000000000>
<WRITE-U,2,1,0,0,4,0x6f000000>
<WRITE-U,2,1,0,4,4,0x5b000000>
<WRITE-U,2,1,0,452,4,0x00000000>
<WRITE-U,2,1,0,511,32,0x0000000000000000000000000000000000000000000000000000000000000000>
<WRITE-U,2,1,0,0,4,0x70000000>
<WRITE-U,2,1,0,4,4,0x36000000>
<WRITE-U,2,1,0,456,4,0x00000000>
<WRITE-U,2,1,0,478,32,0x0000000000000000000000000000000000000000000000000000000000000000>
<WRITE-U,2,1,1,4,4,0x00000000>
<WRITE-U,2,1,1,0,4,0x00000000>
<WRITE-U,2,1,1,4,4,0xf80f0000>
<WRITE-U,2,1,1,8,4,0x00000000>
<WRITE-U,2,1,1,4064,32,0x0000000000000000000000000000000000000000000000000000000000000000>
<WRITE-U,2,1,1,0,4,0x01000000>
<WRITE-U,2,1,1,4,4,0xd30f0000>
<WRITE-U,2,1,1,12,4,0x00000000>
<WRITE-U,2,1,1,4031,32,0x0000000000000000000000000000000000000000000000000000000000000000>
<WRITE-U,2,1,1,0,4,0x02000000>
<WRITE-U,2,1,1,4,4,0xae0f0000>
<WRITE-U,2,1,1,16,4,0x00000000>
<WRITE-U,2,1,1,3998,32,0x0000000000000000000000000000000000000000000000000000000000000000>
<WRITE-U,2,1,1,0,4,0x03000000>
<WRITE-U,2,1,1,4,4,0x890f0000>
<WRITE-U,2,1,1,20,4,0x00000000>
<WRITE-U,2,1,1,3965,32,0x0000000000000000000000000000000000000000000000000000000000000000>
<WRITE-U,2,1,1,0,4,0x04000000>
<WRITE-U,2,1,1,4,4,0x640f0000>
<WRITE-U,2,1,1,24,4,0x00000000>
<WRITE-U,2,1,1,3932,32,0x0000000000000000000000000000000000000000000000000000000000000000>
<WRITE-U,2,1,1,0,4,0x05000000>
<WRITE-U,2,1,1,4,4,0x3f0f0000>
<WRITE-U,2,1,1,28,4,0x00000000>
<WRITE-U,2,1,1,3899,32,0x0000000000000000000000000000000000000000000000000000000000000000>
<WRITE-U,2,1,1,0,4,0x06000000>
<WRITE-U,2,1,1,4,4,0x1a0f0000>
<WRITE-U,2,1,1,32,4,0x00000000>
<WRITE-U,2,1,1,3866,32,0x0000000000000000000000000000000000000000000000000000000000000000>
<WRITE-U,2,1,1,0,4,0x07000000>
<WRITE-U,2,1,1,4,4,0xf50e0000>
<WRITE-U,2,1,1,36,4,0x00000000>
<WRITE-U,2,1,1,3833,32,0x0000000000000000000000000000000000000000000000000000000000000000>
<WRITE-U,2,1,1,0,4,0x08000000>
<WRITE-U,2,1,1,4,4,0xd00e0000>
<WRITE-U,2,1,1,40,4,0x00000000>
<WRITE-U,2,1,1,3800,32,0x0000000000000000000000000000000000000000000000000000000000000000>
<WRITE-U,2,1,1,0,4,0x09000000>
<WRITE-U,2,1,1,4,4,0xab0e0000>
<WRITE-U,2,1,1,44,4,0x00000000>
<WRITE-U,2,1,1,3767,32,0x0000000000000000000000000000000000000000000000000000000000000000>
<WRITE-U,2,1,1,0,4,0x0a000000>
<WRITE-U,2,1,1,4,4,0x860e0000>
<WRITE-U,2,1,1,48,4,0x00000000>
<WRITE-U,2,1,1,3734,32,0x0000000000000000000000000000000000000000000000000000000000000000>
<WRITE-U,2,1,1,0,4,0x0b000000>
<WRITE-U,2,1,1,4,4,0x610e0000>
<WRITE-U,2,1,1,52,4,0x00000000>
<WRITE-U,2,1,1,3701,32,0x0000000000000000000000000000000000000000000000000000000000000000>
<WRITE-U,2,1,1,0,4,0x0c000000>
<WRITE-U,2,1,1,4,4,0x3c0e0000>
<WRITE-U,2,1,1,56,4,0x00000000>
<WRITE-U,2,1,1,3668,32,0x0000000000000000000000000000000000000000000000000000000000000000>
<WRITE-U,2,1,1,0,4,0x0d000000>
<WRITE-U,2,1,1,4,4,0x170e0000>
<WRITE-U,2,1,1,60,4,0x00000000>
<WRITE-U,2,1,1,3635,32,0x0000000000000000000000000000000000000000000000000000000000000000>
<WRITE-U,2,1,1,0,4,0x0e000000>
<WRITE-U,2,1,1,4,4,0xf20d0000>
<WRITE-U,2,1,1,64,4,0x00000000>
<WRITE-U,2,1,1,3602,32,0x0000000000000000000000000000000000000000000000000000000000000000>
<WRITE-U,2,1,1,0,4,0x0f000000>
<WRITE-U,2,1,1,4,4,0xcd0d0000>
<WRITE-U,2,1,1,68,4,0x00000000>
<WRITE-U,2,1,1,3569,32,0x0000000000000000000000000000000000000000000000000000000000000000>
<WRITE-U,2,1,1,0,4,0x10000000>
<WRITE-U,2,1,1,4,4,0xa80d0000>
<WRITE-U,2,1,1,72,4,0x00000000>
<WRITE-U,2,1,1,3536,32,0x0000000000000000000000000000000000000000000000000000000000000000>
<WRITE-U,2,1,1,0,4,0x11000000>
<WRITE-U,2,1,1,4,4,0x830d0000>
<WRITE-U,2,1,1,76,4,0x00000000>
<WRITE-U,2,1,1,3503,32,0x0000000000000000000000000000000000000000000000000000000000000000>
<WRITE-U,2,1,1,0,4,0x12000000>
<WRITE-U,2,1,1,4,4,0x5e0d0000>
<WRITE-U,2,1,1,80,4,0x00000000>
<WRITE-U,2,1,1,3470,32,0x0000000000000000000000000000000000000000000000000000000000000000>
<WRITE-U,2,1,1,0,4,0x13000000>
<WRITE-U,2,1,1,4,4,0x390d0000>
<WRITE-U,2,1,1,84,4,0x00000000>
<WRITE-U,2,1,1,3437,32,0x0000000000000000000000000000000000000000000000000000000000000000>
<WRITE-U,2,1,1,0,4,0x14000000>
<WRITE-U,2,1,1,4,4,0x140d0000>
<WRITE-U,2,1,1,88,4,0x00000000>
<WRITE-U,2,1,1,3404,32,0x0000000000000000000000000000000000000000000000000000000000000000>
<WRITE-U,2,1,1,0,4,0x15000000>
<WRITE-U,2,1,1,4,4,0xef0c0000>
<WRITE-U,2,1,1,92,4,0x00000000>
<WRITE-U,2,1,1,3371,32,0x0000000000000000000000000000000000000000000000000000000000000000>
<WRITE-U,2,1,1,0,4,0x16000000>
<WRITE-U,2,1,1,4,4,0xca0c0000>
<WRITE-U,2,1,1,96,4,0x00000000>
<WRITE-U,2,1,1,3338,32,0x0000000000000000000000000000000000000000000000000000000000000000>
<WRITE-U,2,1,1,0,4,0x17000000>
<WRITE-U,2,1,1,4,4,0xa50c0000>
<WRITE-U,2,1,1,100,4,0x00000000>
<WRITE-U,2,1,1,3305,32,0x0000000000000000000000000000000000000000000000000000000000000000>
<WRITE-U,2,1,1,0,4,0x18000000>
<WRITE-U,2,1,1,4,4,0x800c0000>
<WRITE-U,2,1,1,104,4,0x00000000>
<WRITE-U,2,1,1,3272,32,0x0000000000000000000000000000000000000000000000000000000000000000>
<WRITE-U,2,1,1,0,4,0x19000000>
<WRITE-U,2,1,1,4,4,0x5b0c0000>
<WRITE-U,2,1,1,108,4,0x00000000>
<WRITE-U,2,1,1,3239,32,0x0000000000000000000000000000000000000000000000000000000000000000>
<WRITE-U,2,1,1,0,4,0x1a000000>
<WRITE-U,2,1,1,4,4,0x360c0000>
<WRITE-U,2,1,1,112,4,0x00000000>
<WRITE-U,2,1,1,3206,32,0x0000000000000000000000000000000000000000000000000000000000000000>
<WRITE-U,2,1,1,0,4,0x1b000000>
<WRITE-U,2,1,1,4,4,0x110c0000>
<WRITE-U,2,1,1,116,4,0x00000000>
<WRITE-U,2,1,1,3173,32,0x0000000000000000000000000000000000000000000000000000000000000000>
<WRITE-U,2,1,1,0,4,0x1c000000>
<WRITE-U,2,1,1,4,4,0xec0b0000>
<WRITE-U,2,1,1,120,4,0x00000000>
<WRITE-U,2,1,1,3140,32,0x0000000000000000000000000000000000000000000000000000000000000000>
<WRITE-U,2,1,1,0,4,0x1d000000>
<WRITE-U,2,1,1,4,4,0xc70b0000>
<WRITE-U,2,1,1,124,4,0x00000000>
<WRITE-U,2,1,1,3107,32,0x0000000000000000000000000000000000000000000000000000000000000000>
<WRITE-U,2,1,1,0,4,0x1e000000>
<WRITE-U,2,1,1,4,4,0xa20b0000>
<WRITE-U,2,1,1,128,4,0x00000000>
<WRITE-U,2,1,1,3074,32,0x0000000000000000000000000000000000000000000000000000000000000000>
<WRITE-U,2,1,1,0,4,0x1f000000>
<WRITE-U,2,1,1,4,4,0x7d0b0000>
<WRITE-U,2,1,1,132,4,0x00000000>
<WRITE-U,2,1,1,3041,32,0x0000000000000000000000000000000000000000000000000000000000000000>
<WRITE-U,2,1,1,0,4,0x20000000>
<WRITE-U,2,1,1,4,4,0x580b0000>
<WRITE-U,2,1,1,136,4,0x00000000>
<WRITE-U,2,1,1,3008,32,0x0000000000000000000000000000000000000000000000000000000000000000>
<WRITE-U,2,1,1,0,4,0x21000000>
<WRITE-U,2,1,1,4,4,0x330b0000>
<WRITE-U,2,1,1,140,4,0x00000000>
<WRITE-U,2,1,1,2975,32,0x0000000000000000000000000000000000000000000000000000000000000000>
<WRITE-U,2,1,1,0,4,0x22000000>
<WRITE-U,2,1,1,4,4,0x0e0b0000>
<WRITE-U,2,1,1,144,4,0x00000000>
<WRITE-U,2,1,1,2942,32,0x0000000000000000000000000000000000000000000000000000000000000000>
<WRITE-U,2,1,1,0,4,0x23000000>
<WRITE-U,2,1,1,4,4,0xe90a0000>
<WRITE-U,2,1,1,148,4,0x00000000>
<WRITE-U,2,1,1,2909,32,0x0000000000000000000000000000000000000000000000000000000000000000>
<WRITE-U,2,1,1,0,4,0x24000000>
<WRITE-U,2,1,1,4,4,0xc40a0000>
<WRITE-U,2,1,1,152,4,0x00000000>
<WRITE-U,2,1,1,2876,32,0x0000000000000000000000000000000000000000000000000000000000000000>
<WRITE-U,2,1,1,0,4,0x25000000>
<WRITE-U,2,1,1,4,4,0x9f0a0000>
<WRITE-U,2,1,1,156,4,0x00000000>
<WRITE-U,2,1,1,2843,32,0x0000000000000000000000000000000000000000000000000000000000000000>
<WRITE-U,2,1,1,0,4,0x26000000>
<WRITE-U,2,1,1,4,4,0x7a0a0000>
<WRITE-U,2,1,1,160,4,0x00000000>
<WRITE-U,2,1,1,2810,32,0x0000000000000000000000000000000000000000000000000000000000000000>
<WRITE-U,2,1,1,0,4,0x27000000>
<WRITE-U,2,1,1,4,4,0x550a0000>
<WRITE-U,2,1,1,164,4,0x00000000>
<WRITE-U,2,1,1,2777,32,0x0000000000000000000000000000000000000000000000000000000000000000>
<WRITE-U,2,1,1,0,4,0x28000000>
<WRITE-U,2,1,1,4,4,0x300a0000>
<WRITE-U,2,1,1,168,4,0x00000000>
<WRITE-U,2,1,1,2744,32,0x0000000000000000000000000000000000000000000000000000000000000000>
<WRITE-U,2,1,1,0,4,0x29000000>
<WRITE-U,2,1,1,4,4,0x0b0a0000>
<WRITE-U,2,1,1,172,4,0x00000000>
<WRITE-U,2,1,1,2711,32,0x0000000000000000000000000000000000000000000000000000000000000000>
<WRITE-U,2,1,1,0,4,0x2a000000>
<WRITE-U,2,1,1,4,4,0xe6090000>
<WRITE-U,2,1,1,176,4,0x00000000>
<WRITE-U,2,1,1,2678,32,0x0000000000000000000000000000000000000000000000000000000000000000>
<WRITE-U,2,1,1,0,4,0x2b000000>
<WRITE-U,2,1,1,4,4,0xc1090000>
<WRITE-U,2,1,1,180,4,0x00000000>
<WRITE-U,2,1,1,2645,32,0x0000000000000000000000000000000000000000000000000000000000000000>
<WRITE-U,2,1,1,0,4,0x2c000000>
<WRITE-U,2,1,1,4,4,0x9c090000>
<WRITE-U,2,1,1,184,4,0x00000000>
<WRITE-U,2,1,1,2612,32,0x0000000000000000000000000000000000000000000000000000000000000000>
<WRITE-U,2,1,1,0,4,0x2d000000>
<WRITE-U,2,1,1,4,4,0x77090000>
<WRITE-U,2,1,1,188,4,0x00000000>
<WRITE-U,2,1,1,2579,32,0x0000000000000000000000000000000000000000000000000000000000000000>
<WRITE-U,2,1,1,0,4,0x2e000000>
<WRITE-U,2,1,1,4,4,0x52090000>
<WRITE-U,2,1,1,192,4,0x00000000>
<WRITE-U,2,1,1,2546,32,0x0000000000000000000000000000000000000000000000000000000000000000>
<WRITE-U,2,1,1,0,4,0x2f000000>
<WRITE-U,2,1,1,4,4,0x2d090000>
<WRITE-U,2,1,1,196,4,0x00000000>
<WRITE-U,2,1,1,2513,32,0x0000000000000000000000000000000000000000000000000000000000000000>
<WRITE-U,2,1,1,0,4,0x30000000>
<WRITE-U,2,1,1,4,4,0x08090000>
<WRITE-U,2,1,1,200,4,0x00000000>
<WRITE-U,2,1,1,2480,32,0x0000000000000000000000000000000000000000000000000000000000000000>
<WRITE-U,2,1,1,0,4,0x31000000>
<WRITE-U,2,1,1,4,4,0xe3080000>
<WRITE-U,2,1,1,204,4,0x00000000>
<WRITE-U,2,1,1,2447,32,0x0000000000000000000000000000000000000000000000000000000000000000>
<WRITE-U,2,1,1,0,4,0x32000000>
<WRITE-U,2,1,1,4,4,0xbe080000>
<WRITE-U,2,1,1,208,4,0x00000000>
<WRITE-U,2,1,1,2414,32,0x0000000000000000000000000000000000000000000000000000000000000000>
<WRITE-U,2,1,1,0,4,0x33000000>
<WRITE-U,2,1,1,4,4,0x99080000>
<WRITE-U,2,1,1,212,4,0x00000000>
<WRITE-U,2,1,1,2381,32,0x0000000000000000000000000000000000000000000000000000000000000000>
<WRITE-U,2,1,1,0,4,0x34000000>
<WRITE-U,2,1,1,4,4,0x74080000>
<WRITE-U,2,1,1,216,4,0x00000000>
<WRITE-U,2,1,1,2348,32,0x0000000000000000000000000000000000000000000000000000000000000000>
<WRITE-U,2,1,1,0,4,0x35000000>
<WRITE-U,2,1,1,4,4,0x4f080000>
<WRITE-U,2,1,1,220,4,0x00000000>
<WRITE-U,2,1,1,2315,32,0x0000000000000000000000000000000000000000000000000000000000000000>
<WRITE-U,2,1,1,0,4,0x36000000>
<WRITE-U,2,1,1,4,4,0x2a080000>
<WRITE-U,2,1,1,224,4,0x00000000>
<WRITE-U,2,1,1,2282,32,0x0000000000000000000000000000000000000000000000000000000000000000>
<WRITE-U,2,1,1,0,4,0x37000000>
<WRITE-U,2,1,1,4,4,0x05080000>
<WRITE-U,2,1,1,228,4,0x00000000>
<WRITE-U,2,1,1,2249,32,0x0000000000000000000000000000000000000000000000000000000000000000>
<WRITE-U,2,1,1,0,4,0x38000000>
<WRITE-U,2,1,1,4,4,0xe0070000>
<WRITE-U,2,1,1,232,4,0x00000000>
<WRITE-U,2,1,1,2216,32,0x0000000000000000000000000000000000000000000000000000000000000000>
<WRITE-U,2,1,1,0,4,0x39000000>
<WRITE-U,2,1,1,4,4,0xbb070000>
<WRITE-U,2,1,1,236,4,0x00000000>
<WRITE-U,2,1,1,2183,32,0x0000000000000000000000000000000000000000000000000000000000000000>
<WRITE-U,2,1,1,0,4,0x3a000000>
<WRITE-U,2,1,1,4,4,0x96070000>
<WRITE-U,2,1,1,240,4,0x00000000>
<WRITE-U,2,1,1,2150,32,0x0000000000000000000000000000000000000000000000000000000000000000>
<WRITE-U,2,1,1,0,4,0x3b000000>
<WRITE-U,2,1,1,4,4,0x71070000>
<WRITE-U,2,1,1,244,4,0x00000000>
<WRITE-U,2,1,1,2117,32,0x0000000000000000000000000000000000000000000000000000000000000000>
<WRITE-U,2,1,1,0,4,0x3c000000>
<WRITE-U,2,1,1,4,4,0x4c070000>
<WRITE-U,2,1,1,248,4,0x00000000>
<WRITE-U,2,1,1,2084,32,0x0000000000000000000000000000000000000000000000000000000000000000>
<WRITE-U,2,1,1,0,4,0x3d000000>
<WRITE-U,2,1,1,4,4,0x27070000>
<WRITE-U,2,1,1,252,4,0x00000000>
<WRITE-U,2,1,1,2051,32,0x0000000000000000000000000000000000000000000000000000000000000000>
<WRITE-U,2,1,1,0,4,0x3e000000>
<WRITE-U,2,1,1,4,4,0x02070000>
<WRITE-U,2,1,1,256,4,0x00000000>
<WRITE-U,2,1,1,2018,32,0x0000000000000000000000000000000000000000000000000000000000000000>
<WRITE-U,2,1,1,0,4,0x3f000000>
<WRITE-U,2,1,1,4,4,0xdd060000>
<WRITE-U,2,1,1,260,4,0x00000000>
<WRITE-U,2,1,1,1985,32,0x0000000000000000000000000000000000000000000000000000000000000000>
<WRITE-U,2,1,1,0,4,0x40000000>
<WRITE-U,2,1,1,4,4,0xb8060000>
<WRITE-U,2,1,1,264,4,0x00000000>
<WRITE-U,2,1,1,1952,32,0x0000000000000000000000000000000000000000000000000000000000000000>
<WRITE-U,2,1,1,0,4,0x41000000>
<WRITE-U,2,1,1,4,4,0x93060000>
<WRITE-U,2,1,1,268,4,0x00000000>
<WRITE-U,2,1,1,1919,32,0x0000000000000000000000000000000000000000000000000000000000000000>
<WRITE-U,2,1,1,0,4,0x42000000>
<WRITE-U,2,1,1,4,4,0x6e060000>
<WRITE-U,2,1,1,272,4,0x00000000>
<WRITE-U,2,1,1,1886,32,0x0000000000000000000000000000000000000000000000000000000000000000>
<WRITE-U,2,1,1,0,4,0x43000000>
<WRITE-U,2,1,1,4,4,0x49060000>
<WRITE-U,2,1,1,276,4,0x00000000>
<WRITE-U,2,1,1,1853,32,0x0000000000000000000000000000000000000000000000000000000000000000>
<WRITE-U,2,1,1,0,4,0x44000000>
<WRITE-U,2,1,1,4,4,0x24060000>
<WRITE-U,2,1,1,280,4,0x00000000>
<WRITE-U,2,1,1,1820,32,0x0000000000000000000000000000000000000000000000000000000000000000>
<WRITE-U,2,1,1,0,4,0x45000000>
<WRITE-U,2,1,1,4,4,0xff050000>
<WRITE-U,2,1,1,284,4,0x00000000>
<WRITE-U,2,1,1,1787,32,0x0000000000000000000000000000000000000000000000000000000000000000>
<WRITE-U,2,1,1,0,4,0x46000000>
<WRITE-U,2,1,1,4,4,0xda050000>
<WRITE-U,2,1,1,288,4,0x00000000>
<WRITE-U,2,1,1,1754,32,0x0000000000000000000000000000000000000000000000000000000000000000>
<WRITE-U,2,1,1,0,4,0x47000000>
<WRITE-U,2,1,1,4,4,0xb5050000>
<WRITE-U,2,1,1,292,4,0x00000000>
<WRITE-U,2,1,1,1721,32,0x0000000000000000000000000000000000000000000000000000000000000000>
<WRITE-U,2,1,1,0,4,0x48000000>
<WRITE-U,2,1,1,4,4,0x90050000>
<WRITE-U,2,1,1,296,4,0x00000000>
<WRITE-U,2,1,1,1688,32,0x0000000000000000000000000000000000000000000000000000000000000000>
<WRITE-U,2,1,1,0,4,0x49000000>
<WRITE-U,2,1,1,4,4,0x6b050000>
<WRITE-U,2,1,1,300,4,0x00000000>
<WRITE-U,2,1,1,1655,32,0x0000000000000000000000000000000000000000000000000000000000000000>
<WRITE-U,2,1,1,0,4,0x4a000000>
<WRITE-U,2,1,1,4,4,0x46050000>
<WRITE-U,2,1,1,304,4,0x00000000>
<WRITE-U,2,1,1,1622,32,0x0000000000000000000000000000000000000000000000000000000000000000>
<WRITE-U,2,1,1,0,4,0x4b000000>
<WRITE-U,2,1,1,4,4,0x21050000>
<WRITE-U,2,1,1,308,4,0x00000000>
<WRITE-U,2,1,1,1589,32,0x0000000000000000000000000000000000000000000000000000000000000000>
<WRITE-U,2,1,1,0,4,0x4c000000>
<WRITE-U,2,1,1,4,4,0xfc040000>
<WRITE-U,2,1,1,312,4,0x00000000>
<WRITE-U,2,1,1,1556,32,0x0000000000000000000000000000000000000000000000000000000000000000>
<WRITE-U,2,1,1,0,4,0x4d000000>
<WRITE-U,2,1,1,4,4,0xd7040000>
<WRITE-U,2,1,1,316,4,0x00000000>
<WRITE-U,2,1,1,1523,32,0x0000000000000000000000000000000000000000000000000000000000000000>
<WRITE-U,2,1,1,0,4,0x4e000000>
<WRITE-U,2,1,1,4,4,0xb2040000>
<WRITE-U,2,1,1,320,4,0x00000000>
<WRITE-U,2,1,1,1490,32,0x0000000000000000000000000000000000000000000000000000000000000000>
<WRITE-U,2,1,1,0,4,0x4f000000>
<WRITE-U,2,1,1,4,4,0x8d040000>
<WRITE-U,2,1,1,324,4,0x00000000>
<WRITE-U,2,1,1,1457,32,0x0000000000000000000000000000000000000000000000000000000000000000>
<WRITE-U,2,1,1,0,4,0x50000000>
<WRITE-U,2,1,1,4,4,0x68040000>
<WRITE-U,2,1,1,328,4,0x00000000>
<WRITE-U,2,1,1,1424,32,0x0000000000000000000000000000000000000000000000000000000000000000>
<WRITE-U,2,1,1,0,4,0x51000000>
<WRITE-U,2,1,1,4,4,0x43040000>
<WRITE-U,2,1,1,332,4,0x00000000>
<WRITE-U,2,1,1,1391,32,0x0000000000000000000000000000000000000000000000000000000000000000>
<WRITE-U,2,1,1,0,4,0x52000000>
<WRITE-U,2,1,1,4,4,0x1e040000>
<WRITE-U,2,1,1,336,4,0x00000000>
<WRITE-U,2,1,1,1358,32,0x0000000000000000000000000000000000000000000000000000000000000000>
<WRITE-U,2,1,1,0,4,0x53000000>
<WRITE-U,2,1,1,4,4,0xf9030000>
<WRITE-U,2,1,1,340,4,0x00000000>
<WRITE-U,2,1,1,1325,32,0x0000000000000000000000000000000000000000000000000000000000000000>
<WRITE-U,2,1,1,0,4,0x54000000>
<WRITE-U,2,1,1,4,4,0xd4030000>
<WRITE-U,2,1,1,344,4,0x00000000>
<WRITE-U,2,1,1,1292,32,0x0000000000000000000000000000000000000000000000000000000000000000>
<WRITE-U,2,1,1,0,4,0x55000000>
<WRITE-U,2,1,1,4,4,0xaf030000>
<WRITE-U,2,1,1,348,4,0x00000000>
<WRITE-U,2,1,1,1259,32,0x0000000000000000000000000000000000000000000000000000000000000000>
<WRITE-U,2,1,1,0,4,0x56000000>
<WRITE-U,2,1,1,4,4,0x8a030000>
<WRITE-U,2,1,1,352,4,0x00000000>
<WRITE-U,2,1,1,1226,32,0x0000000000000000000000000000000000000000000000000000000000000000>
<COMMIT,2>
