<START,3>
<WRITE-U,3,0,0,28,4,0xd00f0000>
<WRITE-U,3,0,0,4,4,0x700f0000>
<WRITE-U,3,0,0,28,4,0xffffffff>
<WRITE-U,3,0,0,3992,8,0x0000000000000000>
